// Jest Snapshot v1, https://goo.gl/fbAQLP

exports[`should render CardList component 1`] = `
<div>
  <Card
    email="jon@gmail.com"
    id={1}
    key="0"
    name="Jon Snow"
  />
</div>
`;
